----- SIMULATION CRON Tue Jun 23 12:42:50 CEST 2026 -----
[MyQTM] bourso-cli — OK
Verification quotidienne de bourso-cli
========================================

1. Build installe (tests dry-run): REUSSIS
   16 passed, 1 xfailed in 0.18s

2. Depot amont (azerpas/bourso-api):
   A jour: le pin (commit 9218f54, v0.5.3) = dernier commit de main. Dernier tag publie: v0.5.3.

----- CRON RUN (manuel) Tue Jun 23 12:45:32 CEST 2026 -----
[MyQTM] bourso-cli — OK
Verification quotidienne de bourso-cli
========================================

1. Build installe (tests dry-run): REUSSIS
   16 passed, 1 xfailed in 0.16s

2. Depot amont (azerpas/bourso-api):
   A jour: le pin (commit 9218f54, v0.5.3) = dernier commit de main. Dernier tag publie: v0.5.3.

Email envoye a descamps.gregory@gmail.com: [MyQTM] bourso-cli — OK
----- CRON 20H (manuel) Tue Jun 23 15:25:42 CEST 2026 -----
[MyQTM] bourso-cli — OK
Verification quotidienne de bourso-cli
========================================

1. Build installe (tests dry-run): REUSSIS
   16 passed, 1 skipped, 1 xfailed in 0.14s

2. Connexion compte reel (trade summary PEA/PUST): OK — PUST 106.2800 EUR — PEA: 273.05 EUR especes, 4 part(s)

3. Depot amont (azerpas/bourso-api):
   A jour: patch base sur v0.5.3 (pin 628b70e, v0.5.3) = dernier tag azerpas.

Email envoye a descamps.gregory@gmail.com: [MyQTM] bourso-cli — OK
[MyQTM] bourso-cli — OK
Verification quotidienne de bourso-cli
========================================

1. Build installe (tests dry-run): REUSSIS
   16 passed, 1 skipped, 1 xfailed in 0.16s

2. Connexion compte reel (trade summary PEA/PUST): OK — PUST 103.8800 EUR — PEA: 63.65 EUR especes, 6 part(s)

3. Depot amont (azerpas/bourso-api):
   A jour: patch base sur v0.5.3 (pin 0b5e336, v0.5.3) = dernier tag azerpas.

Email envoye a descamps.gregory@gmail.com: [MyQTM] bourso-cli — OK
[MyQTM] bourso-cli — OK
Verification quotidienne de bourso-cli
========================================

1. Build installe (tests dry-run): REUSSIS
   16 passed, 1 skipped, 1 xfailed in 0.18s

2. Connexion compte reel (trade summary PEA/PUST): OK — PUST 104.2200 EUR — PEA: 63.65 EUR especes, 6 part(s)

3. Depot amont (azerpas/bourso-api):
   A jour: patch base sur v0.5.3 (pin 0b5e336, v0.5.3) = dernier tag azerpas.

Email envoye a descamps.gregory@gmail.com: [MyQTM] bourso-cli — OK
[MyQTM] bourso-cli — OK
Verification quotidienne de bourso-cli
========================================

1. Build installe (tests dry-run): REUSSIS
   16 passed, 1 skipped, 1 xfailed in 0.16s

2. Connexion compte reel (trade summary PEA/PUST): OK — PUST 103.4600 EUR — PEA: 63.65 EUR especes, 6 part(s)

3. Depot amont (azerpas/bourso-api):
   A jour: patch base sur v0.5.3 (pin 0b5e336, v0.5.3) = dernier tag azerpas.

Email envoye a descamps.gregory@gmail.com: [MyQTM] bourso-cli — OK
[MyQTM] bourso-cli — OK
Verification quotidienne de bourso-cli
========================================

1. Build installe (tests dry-run): REUSSIS
   16 passed, 1 skipped, 1 xfailed in 0.14s

2. Connexion compte reel (trade summary PEA/PUST): OK — PUST 103.1400 EUR — PEA: 63.65 EUR especes, 6 part(s)

3. Depot amont (azerpas/bourso-api):
   A jour: patch base sur v0.5.3 (pin 0b5e336, v0.5.3) = dernier tag azerpas.

Email envoye a descamps.gregory@gmail.com: [MyQTM] bourso-cli — OK
[MyQTM] bourso-cli — OK
Verification quotidienne de bourso-cli
========================================

1. Build installe (tests dry-run): REUSSIS
   16 passed, 1 skipped, 1 xfailed in 0.16s

2. Connexion compte reel (trade summary PEA/PUST): OK — PUST 103.1400 EUR — PEA: 63.65 EUR especes, 6 part(s)

3. Depot amont (azerpas/bourso-api):
   A jour: patch base sur v0.5.3 (pin 0b5e336, v0.5.3) = dernier tag azerpas.

Email envoye a descamps.gregory@gmail.com: [MyQTM] bourso-cli — OK
[MyQTM] bourso-cli — OK
Verification quotidienne de bourso-cli
========================================

1. Build installe (tests dry-run): REUSSIS
   16 passed, 1 skipped, 1 xfailed in 0.16s

2. Connexion compte reel (trade summary PEA/PUST): OK — PUST 103.1400 EUR — PEA: 63.65 EUR especes, 6 part(s)

3. Depot amont (azerpas/bourso-api):
   A jour: patch base sur v0.5.3 (pin 0b5e336, v0.5.3) = dernier tag azerpas.

Email envoye a descamps.gregory@gmail.com: [MyQTM] bourso-cli — OK
[MyQTM] bourso-cli — OK
Verification quotidienne de bourso-cli
========================================

1. Build installe (tests dry-run): REUSSIS
   16 passed, 1 skipped, 1 xfailed in 0.18s

2. Connexion compte reel (trade summary PEA/PUST): OK — PUST 103.5600 EUR — PEA: 679.16 EUR especes, 0 part(s)

3. Depot amont (azerpas/bourso-api):
   A jour: patch base sur v0.5.3 (pin 0b5e336, v0.5.3) = dernier tag azerpas.

Email envoye a descamps.gregory@gmail.com: [MyQTM] bourso-cli — OK
[MyQTM] bourso-cli — OK
Verification quotidienne de bourso-cli
========================================

1. Build installe (tests dry-run): REUSSIS
   16 passed, 1 skipped, 1 xfailed in 0.15s

2. Deserialisation CLI (cargo test order/prepare): IGNORE — cargo introuvable — test ignore

3. Connexion compte reel (trade summary PEA/PUST): OK — PUST 104.0200 EUR — PEA: 355.97 EUR especes, 3 part(s)

4. Depot amont (azerpas/bourso-api):
   A jour: patch base sur v0.5.3 (pin e25718e, v0.5.3) = dernier tag azerpas.

Email envoye a descamps.gregory@gmail.com: [MyQTM] bourso-cli — OK
[MyQTM] bourso-cli — OK
Verification quotidienne de bourso-cli
========================================

1. Build installe (tests dry-run): REUSSIS
   16 passed, 1 skipped, 1 xfailed in 0.14s

2. Deserialisation CLI (cargo test order/prepare): IGNORE — cargo introuvable — test ignore

3. Connexion compte reel (trade summary PEA/PUST): OK — PUST 104.0200 EUR — PEA: 355.97 EUR especes, 3 part(s)

4. Depot amont (azerpas/bourso-api):
   A jour: patch base sur v0.5.3 (pin e25718e, v0.5.3) = dernier tag azerpas.

Email envoye a descamps.gregory@gmail.com: [MyQTM] bourso-cli — OK
[MyQTM] bourso-cli — OK
Verification quotidienne de bourso-cli
========================================

1. Build installe (tests dry-run): REUSSIS
   16 passed, 1 skipped, 1 xfailed in 0.18s

2. Deserialisation CLI (cargo test order/prepare): IGNORE — cargo introuvable — test ignore

3. Connexion compte reel (trade summary PEA/PUST): OK — PUST 104.0200 EUR — PEA: 355.97 EUR especes, 3 part(s)

4. Depot amont (azerpas/bourso-api):
   A jour: patch base sur v0.5.3 (pin e25718e, v0.5.3) = dernier tag azerpas.

Email envoye a descamps.gregory@gmail.com: [MyQTM] bourso-cli — OK
[MyQTM] bourso-cli — OK
Verification quotidienne de bourso-cli
========================================

1. Build installe (tests dry-run): REUSSIS
   24 passed, 1 skipped, 1 xfailed in 0.31s

2. Deserialisation CLI (cargo test order/prepare): IGNORE — cargo introuvable — test ignore

3. Connexion compte reel (trade summary PEA/PUST): OK — PUST 104.7600 EUR — PEA: 14998.59 EUR especes, 0 part(s)

4. Depot amont (azerpas/bourso-api):
   A jour: patch base sur v0.5.3 (pin e25718e, v0.5.3) = dernier tag azerpas.

Email envoye a descamps.gregory@gmail.com: [MyQTM] bourso-cli — OK
[MyQTM] bourso-cli — OK
Verification quotidienne de bourso-cli
========================================

1. Build installe (tests dry-run): REUSSIS
   24 passed, 1 skipped, 1 xfailed in 0.33s

2. Deserialisation CLI (cargo test order/prepare): IGNORE — cargo introuvable — test ignore

3. Connexion compte reel (trade summary PEA/PUST): OK — PUST 102.0600 EUR — PEA: 9100.45 EUR especes, 0 part(s)

4. Depot amont (azerpas/bourso-api):
   A jour: patch base sur v0.5.3 (pin e25718e, v0.5.3) = dernier tag azerpas.

Email envoye a descamps.gregory@gmail.com: [MyQTM] bourso-cli — OK
[MyQTM] bourso-cli — OK
Verification quotidienne de bourso-cli
========================================

1. Build installe (tests dry-run): REUSSIS
   24 passed, 1 skipped, 1 xfailed in 0.40s

2. Deserialisation CLI (cargo test order/prepare): IGNORE — cargo introuvable — test ignore

3. Connexion compte reel (trade summary PEA/PUST): OK — PUST 101.7000 EUR — PEA: 9100.45 EUR especes, 0 part(s)

4. Depot amont (azerpas/bourso-api):
   A jour: patch base sur v0.5.3 (pin e25718e, v0.5.3) = dernier tag azerpas.

Email envoye a descamps.gregory@gmail.com: [MyQTM] bourso-cli — OK
[MyQTM] bourso-cli — OK
Verification quotidienne de bourso-cli
========================================

1. Build installe (tests dry-run): REUSSIS
   24 passed, 1 skipped, 1 xfailed in 0.33s

2. Deserialisation CLI (cargo test order/prepare): IGNORE — cargo introuvable — test ignore

3. Connexion compte reel (trade summary PEA/PUST): OK — PUST 104.1200 EUR — PEA: 4280.90 EUR especes, 0 part(s)

4. Depot amont (azerpas/bourso-api):
   A jour: patch base sur v0.5.3 (pin e25718e, v0.5.3) = dernier tag azerpas.

Email envoye a descamps.gregory@gmail.com: [MyQTM] bourso-cli — OK
[MyQTM] bourso-cli — OK
Verification quotidienne de bourso-cli
========================================

1. Build installe (tests dry-run): REUSSIS
   33 passed, 1 skipped, 1 xfailed in 0.54s

2. Deserialisation CLI (cargo test order/prepare): IGNORE — cargo introuvable — test ignore

3. Connexion compte reel (trade summary PEA/PUST): OK — PUST 104.5000 EUR — PEA: 4280.90 EUR especes, 0 part(s)

4. Depot amont (azerpas/bourso-api):
   A jour: patch base sur v0.5.3 (pin dc832c4, v0.5.3) = dernier tag azerpas.

Email envoye a descamps.gregory@gmail.com: [MyQTM] bourso-cli — OK
[MyQTM] bourso-cli — OK
Verification quotidienne de bourso-cli
========================================

1. Build installe (tests dry-run): REUSSIS
   33 passed, 1 skipped, 1 xfailed in 0.38s

2. Deserialisation CLI (cargo test order/prepare): IGNORE — cargo introuvable — test ignore

3. Connexion compte reel (trade summary PEA/PUST): OK — PUST 104.5000 EUR — PEA: 4280.90 EUR especes, 0 part(s)

4. Depot amont (azerpas/bourso-api):
   A jour: patch base sur v0.5.3 (pin dc832c4, v0.5.3) = dernier tag azerpas.

Email envoye a descamps.gregory@gmail.com: [MyQTM] bourso-cli — OK
[MyQTM] bourso-cli — nouveau tag v0.5.4
Verification quotidienne de bourso-cli
========================================

1. Build installe (tests dry-run): REUSSIS
   33 passed, 1 skipped, 1 xfailed in 0.30s

2. Deserialisation CLI (cargo test order/prepare): IGNORE — cargo introuvable — test ignore

3. Connexion compte reel (trade summary PEA/PUST): OK — PUST 104.5000 EUR — PEA: 4280.90 EUR especes, 0 part(s)

4. Depot amont (azerpas/bourso-api):
   Nouveau tag upstream v0.5.4 (notre patch est base sur v0.5.3, pin dc832c4).

Changelog v0.5.3 -> v0.5.4:
- 02b5b17 (Anthony, 2026-07-12): fix: transfer steps (#87)

- 9218f54 (dependabot[bot], 2026-04-25): chore(deps): bump openssl from 0.10.68 to 0.10.78 (#77)
    Bumps [openssl](https://github.com/rust-openssl/rust-openssl) from 0.10.68 to 0.10.78.
    - [Release notes](https://github.com/rust-openssl/rust-openssl/releases)
    - [Commits](https://github.com/rust-openssl/rust-openssl/compare/openssl-v0.10.68...openssl-v0.10.78)
    
    ---
    updated-dependencies:
    - dependency-name: openssl
      dependency-version: 0.10.78
      dependency-type: indirect
    ...
    
    Signed-off-by: dependabot[bot] <support@github.com>
    Co-authored-by: dependabot[bot] <49699333+dependabot[bot]@users.noreply.github.com>
- 42cc29b (Johann Taberlet, 2026-04-15): feat: add transactions export command (#74)
    * feat: add transactions export command
    
    Add a new `transactions` subcommand to export account transactions
    over a date range using BoursoBank's CSV export endpoint.
    
    - Add `Transaction` struct to `bourso_api::account`
    - Add `get_transactions()` method on `BoursoWebClient`
    - Handle redirect to `api.boursobank.com` for file download
    - Parse BoursoBank CSV (semicolon-separated, French number format)
    - Support CSV (default) and JSON output formats
    - Add unit tests for CSV parsing and amount conversion
    
    * refactor: restructure CLI per maintainer feedback
    
    - Move `transactions` under new `export` subcommand (`bourso export transactions`)
    - Rename `--from`/`--to` to `--start-date`/`--end-date`
    - Rename `--output` (format) to `--format`/`-f`
    - Add `--output`/`-o` for file output path (defaults to stdout)
Pour rebaser le patch sur ce tag et reinstaller:
  ./2_bourso_cli_update.sh --pull        # rebase myqtm sur le tag + build + install
  cd external/bourso-api && git push origin myqtm --force-with-lease && cd -
  git add external/bourso-api && git commit -m 'chore: bump bourso-cli v0.5.4'

Email envoye a descamps.gregory@gmail.com: [MyQTM] bourso-cli — nouveau tag v0.5.4
[MyQTM] bourso-cli — OK
Verification quotidienne de bourso-cli
========================================

1. Build installe (tests dry-run): REUSSIS
   34 passed, 1 skipped, 1 xfailed in 0.35s

2. Deserialisation CLI (cargo test order/prepare): IGNORE — cargo introuvable — test ignore

3. Connexion compte reel (trade summary PEA/PUST): OK — PUST 103.8400 EUR — PEA: 19280.90 EUR especes, 0 part(s)

4. Depot amont (azerpas/bourso-api):
   A jour: patch base sur v0.5.4 (pin eec7703, v0.5.4) = dernier tag azerpas.

Email envoye a descamps.gregory@gmail.com: [MyQTM] bourso-cli — OK
[MyQTM] bourso-cli — OK
Verification quotidienne de bourso-cli
========================================

1. Build installe (tests dry-run): REUSSIS
   34 passed, 1 skipped, 1 xfailed in 0.41s

2. Deserialisation CLI (cargo test order/prepare): IGNORE — cargo introuvable — test ignore

3. Connexion compte reel (trade summary PEA/PUST): OK — PUST 103.9800 EUR — PEA: 10361.86 EUR especes, 0 part(s)

4. Depot amont (azerpas/bourso-api):
   A jour: patch base sur v0.5.4 (pin eec7703, v0.5.4) = dernier tag azerpas.

Email envoye a descamps.gregory@gmail.com: [MyQTM] bourso-cli — OK
[MyQTM] bourso-cli — OK
Verification quotidienne de bourso-cli
========================================

1. Build installe (tests dry-run): REUSSIS
   34 passed, 1 skipped, 1 xfailed in 0.33s

2. Deserialisation CLI (cargo test order/prepare): IGNORE — cargo introuvable — test ignore

3. Connexion compte reel (trade summary PEA/PUST): OK — PUST 103.2200 EUR — PEA: 10361.86 EUR especes, 0 part(s)

4. Depot amont (azerpas/bourso-api):
   A jour: patch base sur v0.5.4 (pin eec7703, v0.5.4) = dernier tag azerpas.

Email envoye a descamps.gregory@gmail.com: [MyQTM] bourso-cli — OK
[MyQTM] bourso-cli — OK
Verification quotidienne de bourso-cli
========================================

1. Build installe (tests dry-run): REUSSIS
   34 passed, 1 skipped, 1 xfailed in 0.40s

2. Deserialisation CLI (cargo test order/prepare): IGNORE — cargo introuvable — test ignore

3. Connexion compte reel (trade summary PEA/PUST): OK — PUST 102.5400 EUR — PEA: 10361.86 EUR especes, 0 part(s)

4. Depot amont (azerpas/bourso-api):
   A jour: patch base sur v0.5.4 (pin eec7703, v0.5.4) = dernier tag azerpas.

Email envoye a descamps.gregory@gmail.com: [MyQTM] bourso-cli — OK
[MyQTM] bourso-cli — OK
Verification quotidienne de bourso-cli
========================================

1. Build installe (tests dry-run): REUSSIS
   34 passed, 1 skipped, 1 xfailed in 0.33s

2. Deserialisation CLI (cargo test order/prepare): IGNORE — cargo introuvable — test ignore

3. Connexion compte reel (trade summary PEA/PUST): OK — PUST 100.1400 EUR — PEA: 10361.86 EUR especes, 0 part(s)

4. Depot amont (azerpas/bourso-api):
   A jour: patch base sur v0.5.4 (pin eec7703, v0.5.4) = dernier tag azerpas.

Email envoye a descamps.gregory@gmail.com: [MyQTM] bourso-cli — OK
[MyQTM] bourso-cli — OK
Verification quotidienne de bourso-cli
========================================

1. Build installe (tests dry-run): REUSSIS
   34 passed, 1 skipped, 1 xfailed in 0.31s

2. Deserialisation CLI (cargo test order/prepare): IGNORE — cargo introuvable — test ignore

3. Connexion compte reel (trade summary PEA/PUST): OK — PUST 100.1400 EUR — PEA: 10361.86 EUR especes, 0 part(s)

4. Depot amont (azerpas/bourso-api):
   A jour: patch base sur v0.5.4 (pin eec7703, v0.5.4) = dernier tag azerpas.

Email envoye a descamps.gregory@gmail.com: [MyQTM] bourso-cli — OK
[MyQTM] bourso-cli — OK
Verification quotidienne de bourso-cli
========================================

1. Build installe (tests dry-run): REUSSIS
   34 passed, 1 skipped, 1 xfailed in 0.34s

2. Deserialisation CLI (cargo test order/prepare): IGNORE — cargo introuvable — test ignore

3. Connexion compte reel (trade summary PEA/PUST): OK — PUST 100.1400 EUR — PEA: 10361.86 EUR especes, 0 part(s)

4. Depot amont (azerpas/bourso-api):
   A jour: patch base sur v0.5.4 (pin eec7703, v0.5.4) = dernier tag azerpas.

Email envoye a descamps.gregory@gmail.com: [MyQTM] bourso-cli — OK
[MyQTM] bourso-cli — OK
Verification quotidienne de bourso-cli
========================================

1. Build installe (tests dry-run): REUSSIS
   34 passed, 1 skipped, 1 xfailed in 0.31s

2. Deserialisation CLI (cargo test order/prepare): IGNORE — cargo introuvable — test ignore

3. Connexion compte reel (trade summary PEA/PUST): OK — PUST 101.4400 EUR — PEA: 10361.86 EUR especes, 0 part(s)

4. Depot amont (azerpas/bourso-api):
   A jour: patch base sur v0.5.4 (pin eec7703, v0.5.4) = dernier tag azerpas.

Email envoye a descamps.gregory@gmail.com: [MyQTM] bourso-cli — OK
[MyQTM] bourso-cli — OK
Verification quotidienne de bourso-cli
========================================

1. Build installe (tests dry-run): REUSSIS
   34 passed, 1 skipped, 1 xfailed in 0.33s

2. Deserialisation CLI (cargo test order/prepare): IGNORE — cargo introuvable — test ignore

3. Connexion compte reel (trade summary PEA/PUST): OK — PUST 102.4600 EUR — PEA: 10361.86 EUR especes, 0 part(s)

4. Depot amont (azerpas/bourso-api):
   A jour: patch base sur v0.5.4 (pin eec7703, v0.5.4) = dernier tag azerpas.

Email envoye a descamps.gregory@gmail.com: [MyQTM] bourso-cli — OK
[MyQTM] bourso-cli — OK
Verification quotidienne de bourso-cli
========================================

1. Build installe (tests dry-run): REUSSIS
   34 passed, 1 skipped, 1 xfailed in 0.31s

2. Deserialisation CLI (cargo test order/prepare): IGNORE — cargo introuvable — test ignore

3. Connexion compte reel (trade summary PEA/PUST): OK — PUST 102.4800 EUR — PEA: 10361.86 EUR especes, 0 part(s)

4. Depot amont (azerpas/bourso-api):
   A jour: patch base sur v0.5.4 (pin eec7703, v0.5.4) = dernier tag azerpas.

Email envoye a descamps.gregory@gmail.com: [MyQTM] bourso-cli — OK
[MyQTM] bourso-cli — OK
Verification quotidienne de bourso-cli
========================================

1. Build installe (tests dry-run): REUSSIS
   34 passed, 1 skipped, 1 xfailed in 0.31s

2. Deserialisation CLI (cargo test order/prepare): IGNORE — cargo introuvable — test ignore

3. Connexion compte reel (trade summary PEA/PUST): OK — PUST 100.0800 EUR — PEA: 10361.86 EUR especes, 0 part(s)

4. Depot amont (azerpas/bourso-api):
   A jour: patch base sur v0.5.4 (pin eec7703, v0.5.4) = dernier tag azerpas.

Email envoye a descamps.gregory@gmail.com: [MyQTM] bourso-cli — OK
[MyQTM] bourso-cli — OK
Verification quotidienne de bourso-cli
========================================

1. Build installe (tests dry-run): REUSSIS
   34 passed, 1 skipped, 1 xfailed in 0.30s

2. Deserialisation CLI (cargo test order/prepare): IGNORE — cargo introuvable — test ignore

3. Connexion compte reel (trade summary PEA/PUST): OK — PUST 99.9000 EUR — PEA: 10361.86 EUR especes, 0 part(s)

4. Depot amont (azerpas/bourso-api):
   A jour: patch base sur v0.5.4 (pin eec7703, v0.5.4) = dernier tag azerpas.

Email envoye a descamps.gregory@gmail.com: [MyQTM] bourso-cli — OK
[MyQTM] bourso-cli — OK
Verification quotidienne de bourso-cli
========================================

1. Build installe (tests dry-run): REUSSIS
   34 passed, 1 skipped, 1 xfailed in 0.32s

2. Deserialisation CLI (cargo test order/prepare): IGNORE — cargo introuvable — test ignore

3. Connexion compte reel (trade summary PEA/PUST): OK — PUST 99.9000 EUR — PEA: 10361.86 EUR especes, 0 part(s)

4. Depot amont (azerpas/bourso-api):
   A jour: patch base sur v0.5.4 (pin eec7703, v0.5.4) = dernier tag azerpas.

Email envoye a descamps.gregory@gmail.com: [MyQTM] bourso-cli — OK
[MyQTM] bourso-cli — OK
Verification quotidienne de bourso-cli
========================================

1. Build installe (tests dry-run): REUSSIS
   34 passed, 1 skipped, 1 xfailed in 0.34s

2. Deserialisation CLI (cargo test order/prepare): IGNORE — cargo introuvable — test ignore

3. Connexion compte reel (trade summary PEA/PUST): OK — PUST 99.9000 EUR — PEA: 10361.86 EUR especes, 0 part(s)

4. Depot amont (azerpas/bourso-api):
   A jour: patch base sur v0.5.4 (pin eec7703, v0.5.4) = dernier tag azerpas.

Email envoye a descamps.gregory@gmail.com: [MyQTM] bourso-cli — OK
[MyQTM] bourso-cli — OK
Verification quotidienne de bourso-cli
========================================

1. Build installe (tests dry-run): REUSSIS
   34 passed, 1 skipped, 1 xfailed in 0.34s

2. Deserialisation CLI (cargo test order/prepare): IGNORE — cargo introuvable — test ignore

3. Connexion compte reel (trade summary PEA/PUST): OK — PUST 98.2900 EUR — PEA: 10361.86 EUR especes, 0 part(s)

4. Depot amont (azerpas/bourso-api):
   A jour: patch base sur v0.5.4 (pin eec7703, v0.5.4) = dernier tag azerpas.

Email envoye a descamps.gregory@gmail.com: [MyQTM] bourso-cli — OK
[MyQTM] bourso-cli — OK
Verification quotidienne de bourso-cli
========================================

1. Build installe (tests dry-run): REUSSIS
   34 passed, 1 skipped, 1 xfailed in 0.34s

2. Deserialisation CLI (cargo test order/prepare): IGNORE — cargo introuvable — test ignore

3. Connexion compte reel (trade summary PEA/PUST): OK — PUST 98.0200 EUR — PEA: 10361.86 EUR especes, 0 part(s)

4. Depot amont (azerpas/bourso-api):
   A jour: patch base sur v0.5.4 (pin eec7703, v0.5.4) = dernier tag azerpas.

Email envoye a descamps.gregory@gmail.com: [MyQTM] bourso-cli — OK
[MyQTM] bourso-cli — OK
Verification quotidienne de bourso-cli
========================================

1. Build installe (tests dry-run): REUSSIS
   34 passed, 1 skipped, 1 xfailed in 0.31s

2. Deserialisation CLI (cargo test order/prepare): IGNORE — cargo introuvable — test ignore

3. Connexion compte reel (trade summary PEA/PUST): OK — PUST 96.6700 EUR — PEA: 10361.86 EUR especes, 0 part(s)

4. Depot amont (azerpas/bourso-api):
   A jour: patch base sur v0.5.4 (pin eec7703, v0.5.4) = dernier tag azerpas.

Email envoye a descamps.gregory@gmail.com: [MyQTM] bourso-cli — OK
[MyQTM] bourso-cli — OK
Verification quotidienne de bourso-cli
========================================

1. Build installe (tests dry-run): REUSSIS
   34 passed, 1 skipped, 1 xfailed in 0.32s

2. Deserialisation CLI (cargo test order/prepare): IGNORE — cargo introuvable — test ignore

3. Connexion compte reel (trade summary PEA/PUST): OK — PUST 97.3400 EUR — PEA: 10361.86 EUR especes, 0 part(s)

4. Depot amont (azerpas/bourso-api):
   A jour: patch base sur v0.5.4 (pin eec7703, v0.5.4) = dernier tag azerpas.

Email envoye a descamps.gregory@gmail.com: [MyQTM] bourso-cli — OK
[MyQTM] bourso-cli — OK
Verification quotidienne de bourso-cli
========================================

1. Build installe (tests dry-run): REUSSIS
   34 passed, 1 skipped, 1 xfailed in 0.33s

2. Deserialisation CLI (cargo test order/prepare): IGNORE — cargo introuvable — test ignore

3. Connexion compte reel (trade summary PEA/PUST): OK — PUST 97.8600 EUR — PEA: 10361.86 EUR especes, 0 part(s)

4. Depot amont (azerpas/bourso-api):
   A jour: patch base sur v0.5.4 (pin eec7703, v0.5.4) = dernier tag azerpas.

Email envoye a descamps.gregory@gmail.com: [MyQTM] bourso-cli — OK
[MyQTM] bourso-cli — OK
Verification quotidienne de bourso-cli
========================================

1. Build installe (tests dry-run): REUSSIS
   34 passed, 1 skipped, 1 xfailed in 0.33s

2. Deserialisation CLI (cargo test order/prepare): IGNORE — cargo introuvable — test ignore

3. Connexion compte reel (trade summary PEA/PUST): OK — PUST 97.8600 EUR — PEA: 10361.86 EUR especes, 0 part(s)

4. Depot amont (azerpas/bourso-api):
   A jour: patch base sur v0.5.4 (pin eec7703, v0.5.4) = dernier tag azerpas.

Email envoye a descamps.gregory@gmail.com: [MyQTM] bourso-cli — OK
[MyQTM] bourso-cli — OK
Verification quotidienne de bourso-cli
========================================

1. Build installe (tests dry-run): REUSSIS
   34 passed, 1 skipped, 1 xfailed in 0.31s

2. Deserialisation CLI (cargo test order/prepare): IGNORE — cargo introuvable — test ignore

3. Connexion compte reel (trade summary PEA/PUST): OK — PUST 97.8600 EUR — PEA: 10361.86 EUR especes, 0 part(s)

4. Depot amont (azerpas/bourso-api):
   A jour: patch base sur v0.5.4 (pin eec7703, v0.5.4) = dernier tag azerpas.

Email envoye a descamps.gregory@gmail.com: [MyQTM] bourso-cli — OK
[MyQTM] bourso-cli — OK
Verification quotidienne de bourso-cli
========================================

1. Build installe (tests dry-run): REUSSIS
   34 passed, 1 skipped, 1 xfailed in 0.32s

2. Deserialisation CLI (cargo test order/prepare): IGNORE — cargo introuvable — test ignore

3. Connexion compte reel (trade summary PEA/PUST): OK — PUST 99.8500 EUR — PEA: 10361.86 EUR especes, 0 part(s)

4. Depot amont (azerpas/bourso-api):
   A jour: patch base sur v0.5.4 (pin eec7703, v0.5.4) = dernier tag azerpas.

Email envoye a descamps.gregory@gmail.com: [MyQTM] bourso-cli — OK
[MyQTM] bourso-cli — OK
Verification quotidienne de bourso-cli
========================================

1. Build installe (tests dry-run): REUSSIS
   34 passed, 1 skipped, 1 xfailed in 0.34s

2. Deserialisation CLI (cargo test order/prepare): IGNORE — cargo introuvable — test ignore

3. Connexion compte reel (trade summary PEA/PUST): OK — PUST 102.8600 EUR — PEA: 10361.86 EUR especes, 0 part(s)

4. Depot amont (azerpas/bourso-api):
   A jour: patch base sur v0.5.4 (pin eec7703, v0.5.4) = dernier tag azerpas.

Email envoye a descamps.gregory@gmail.com: [MyQTM] bourso-cli — OK
[MyQTM] bourso-cli — OK
Verification quotidienne de bourso-cli
========================================

1. Build installe (tests dry-run): REUSSIS
   34 passed, 1 skipped, 1 xfailed in 0.31s

2. Deserialisation CLI (cargo test order/prepare): IGNORE — cargo introuvable — test ignore

3. Connexion compte reel (trade summary PEA/PUST): OK — PUST 103.2000 EUR — PEA: 10361.86 EUR especes, 0 part(s)

4. Depot amont (azerpas/bourso-api):
   A jour: patch base sur v0.5.4 (pin eec7703, v0.5.4) = dernier tag azerpas.

Email envoye a descamps.gregory@gmail.com: [MyQTM] bourso-cli — OK
[MyQTM] bourso-cli — OK
Verification quotidienne de bourso-cli
========================================

1. Build installe (tests dry-run): REUSSIS
   34 passed, 1 skipped, 1 xfailed in 0.31s

2. Deserialisation CLI (cargo test order/prepare): IGNORE — cargo introuvable — test ignore

3. Connexion compte reel (trade summary PEA/PUST): OK — PUST 102.5200 EUR — PEA: 10361.86 EUR especes, 0 part(s)

4. Depot amont (azerpas/bourso-api):
   A jour: patch base sur v0.5.4 (pin eec7703, v0.5.4) = dernier tag azerpas.

Email envoye a descamps.gregory@gmail.com: [MyQTM] bourso-cli — OK
[MyQTM] bourso-cli — OK
Verification quotidienne de bourso-cli
========================================

1. Build installe (tests dry-run): REUSSIS
   34 passed, 1 skipped, 1 xfailed in 0.32s

2. Deserialisation CLI (cargo test order/prepare): IGNORE — cargo introuvable — test ignore

3. Connexion compte reel (trade summary PEA/PUST): OK — PUST 103.1800 EUR — PEA: 10361.86 EUR especes, 0 part(s)

4. Depot amont (azerpas/bourso-api):
   A jour: patch base sur v0.5.4 (pin eec7703, v0.5.4) = dernier tag azerpas.

Email envoye a descamps.gregory@gmail.com: [MyQTM] bourso-cli — OK
[MyQTM] bourso-cli — OK
Verification quotidienne de bourso-cli
========================================

1. Build installe (tests dry-run): REUSSIS
   34 passed, 1 skipped, 1 xfailed in 0.31s

2. Deserialisation CLI (cargo test order/prepare): IGNORE — cargo introuvable — test ignore

3. Connexion compte reel (trade summary PEA/PUST): OK — PUST 103.1800 EUR — PEA: 10361.86 EUR especes, 0 part(s)

4. Depot amont (azerpas/bourso-api):
   A jour: patch base sur v0.5.4 (pin eec7703, v0.5.4) = dernier tag azerpas.

Email envoye a descamps.gregory@gmail.com: [MyQTM] bourso-cli — OK
[MyQTM] bourso-cli — OK
Verification quotidienne de bourso-cli
========================================

1. Build installe (tests dry-run): REUSSIS
   34 passed, 1 skipped, 1 xfailed in 0.34s

2. Deserialisation CLI (cargo test order/prepare): IGNORE — cargo introuvable — test ignore

3. Connexion compte reel (trade summary PEA/PUST): OK — PUST 103.1800 EUR — PEA: 10361.86 EUR especes, 0 part(s)

4. Depot amont (azerpas/bourso-api):
   A jour: patch base sur v0.5.4 (pin eec7703, v0.5.4) = dernier tag azerpas.

Email envoye a descamps.gregory@gmail.com: [MyQTM] bourso-cli — OK
[MyQTM] bourso-cli — OK
Verification quotidienne de bourso-cli
========================================

1. Build installe (tests dry-run): REUSSIS
   34 passed, 1 skipped, 1 xfailed in 0.35s

2. Deserialisation CLI (cargo test order/prepare): IGNORE — cargo introuvable — test ignore

3. Connexion compte reel (trade summary PEA/PUST): OK — PUST 103.0200 EUR — PEA: 10361.86 EUR especes, 0 part(s)

4. Depot amont (azerpas/bourso-api):
   A jour: patch base sur v0.5.4 (pin eec7703, v0.5.4) = dernier tag azerpas.

Email envoye a descamps.gregory@gmail.com: [MyQTM] bourso-cli — OK
[MyQTM] bourso-cli — OK
Verification quotidienne de bourso-cli
========================================

1. Build installe (tests dry-run): REUSSIS
   34 passed, 1 skipped, 1 xfailed in 0.34s

2. Deserialisation CLI (cargo test order/prepare): IGNORE — cargo introuvable — test ignore

3. Connexion compte reel (trade summary PEA/PUST): OK — PUST 102.8400 EUR — PEA: 10361.86 EUR especes, 0 part(s)

4. Depot amont (azerpas/bourso-api):
   A jour: patch base sur v0.5.4 (pin eec7703, v0.5.4) = dernier tag azerpas.

Email envoye a descamps.gregory@gmail.com: [MyQTM] bourso-cli — OK
[MyQTM] bourso-cli — OK
Verification quotidienne de bourso-cli
========================================

1. Build installe (tests dry-run): REUSSIS
   34 passed, 1 skipped, 1 xfailed in 0.31s

2. Deserialisation CLI (cargo test order/prepare): IGNORE — cargo introuvable — test ignore

3. Connexion compte reel (trade summary PEA/PUST): OK — PUST 103.3600 EUR — PEA: 10361.86 EUR especes, 0 part(s)

4. Depot amont (azerpas/bourso-api):
   A jour: patch base sur v0.5.4 (pin eec7703, v0.5.4) = dernier tag azerpas.

Email envoye a descamps.gregory@gmail.com: [MyQTM] bourso-cli — OK
[MyQTM] bourso-cli — OK
Verification quotidienne de bourso-cli
========================================

1. Build installe (tests dry-run): REUSSIS
   34 passed, 1 skipped, 1 xfailed in 0.30s

2. Deserialisation CLI (cargo test order/prepare): IGNORE — cargo introuvable — test ignore

3. Connexion compte reel (trade summary PEA/PUST): OK — PUST 104.5400 EUR — PEA: 10361.86 EUR especes, 0 part(s)

4. Depot amont (azerpas/bourso-api):
   A jour: patch base sur v0.5.4 (pin eec7703, v0.5.4) = dernier tag azerpas.

Email envoye a descamps.gregory@gmail.com: [MyQTM] bourso-cli — OK
[MyQTM] bourso-cli — OK
Verification quotidienne de bourso-cli
========================================

1. Build installe (tests dry-run): REUSSIS
   34 passed, 1 skipped, 1 xfailed in 0.34s

2. Deserialisation CLI (cargo test order/prepare): IGNORE — cargo introuvable — test ignore

3. Connexion compte reel (trade summary PEA/PUST): OK — PUST 103.7600 EUR — PEA: 9364.36 EUR especes, 0 part(s)

4. Depot amont (azerpas/bourso-api):
   A jour: patch base sur v0.5.4 (pin eec7703, v0.5.4) = dernier tag azerpas.

Email envoye a descamps.gregory@gmail.com: [MyQTM] bourso-cli — OK
[MyQTM] bourso-cli — OK
Verification quotidienne de bourso-cli
========================================

1. Build installe (tests dry-run): REUSSIS
   34 passed, 1 skipped, 1 xfailed in 0.31s

2. Deserialisation CLI (cargo test order/prepare): IGNORE — cargo introuvable — test ignore

3. Connexion compte reel (trade summary PEA/PUST): OK — PUST 103.7600 EUR — PEA: 9364.36 EUR especes, 0 part(s)

4. Depot amont (azerpas/bourso-api):
   A jour: patch base sur v0.5.4 (pin eec7703, v0.5.4) = dernier tag azerpas.

Email envoye a descamps.gregory@gmail.com: [MyQTM] bourso-cli — OK
[MyQTM] bourso-cli — OK
Verification quotidienne de bourso-cli
========================================

1. Build installe (tests dry-run): REUSSIS
   34 passed, 1 skipped, 1 xfailed in 0.33s

2. Deserialisation CLI (cargo test order/prepare): IGNORE — cargo introuvable — test ignore

3. Connexion compte reel (trade summary PEA/PUST): OK — PUST 103.7600 EUR — PEA: 9364.36 EUR especes, 0 part(s)

4. Depot amont (azerpas/bourso-api):
   A jour: patch base sur v0.5.4 (pin eec7703, v0.5.4) = dernier tag azerpas.

Email envoye a descamps.gregory@gmail.com: [MyQTM] bourso-cli — OK
[MyQTM] bourso-cli — OK
Verification quotidienne de bourso-cli
========================================

1. Build installe (tests dry-run): REUSSIS
   34 passed, 1 skipped, 1 xfailed in 0.32s

2. Deserialisation CLI (cargo test order/prepare): IGNORE — cargo introuvable — test ignore

3. Connexion compte reel (trade summary PEA/PUST): OK — PUST 104.4600 EUR — PEA: 9364.36 EUR especes, 0 part(s)

4. Depot amont (azerpas/bourso-api):
   A jour: patch base sur v0.5.4 (pin eec7703, v0.5.4) = dernier tag azerpas.

Email envoye a descamps.gregory@gmail.com: [MyQTM] bourso-cli — OK
[MyQTM] bourso-cli — OK
Verification quotidienne de bourso-cli
========================================

1. Build installe (tests dry-run): REUSSIS
   34 passed, 1 skipped, 1 xfailed in 0.35s

2. Deserialisation CLI (cargo test order/prepare): IGNORE — cargo introuvable — test ignore

3. Connexion compte reel (trade summary PEA/PUST): OK — PUST 102.2200 EUR — PEA: 9364.36 EUR especes, 0 part(s)

4. Depot amont (azerpas/bourso-api):
   A jour: patch base sur v0.5.4 (pin eec7703, v0.5.4) = dernier tag azerpas.

Email envoye a descamps.gregory@gmail.com: [MyQTM] bourso-cli — OK
[MyQTM] bourso-cli — OK
Verification quotidienne de bourso-cli
========================================

1. Build installe (tests dry-run): REUSSIS
   34 passed, 1 skipped, 1 xfailed in 0.33s

2. Deserialisation CLI (cargo test order/prepare): IGNORE — cargo introuvable — test ignore

3. Connexion compte reel (trade summary PEA/PUST): OK — PUST 101.5000 EUR — PEA: 9364.36 EUR especes, 0 part(s)

4. Depot amont (azerpas/bourso-api):
   A jour: patch base sur v0.5.4 (pin eec7703, v0.5.4) = dernier tag azerpas.

Email envoye a descamps.gregory@gmail.com: [MyQTM] bourso-cli — OK
[MyQTM] bourso-cli — OK
Verification quotidienne de bourso-cli
========================================

1. Build installe (tests dry-run): REUSSIS
   34 passed, 1 skipped, 1 xfailed in 0.33s

2. Deserialisation CLI (cargo test order/prepare): IGNORE — cargo introuvable — test ignore

3. Connexion compte reel (trade summary PEA/PUST): OK — PUST 100.4200 EUR — PEA: 9364.36 EUR especes, 0 part(s)

4. Depot amont (azerpas/bourso-api):
   A jour: patch base sur v0.5.4 (pin eec7703, v0.5.4) = dernier tag azerpas.

Email envoye a descamps.gregory@gmail.com: [MyQTM] bourso-cli — OK
[MyQTM] bourso-cli — OK
Verification quotidienne de bourso-cli
========================================

1. Build installe (tests dry-run): REUSSIS
   34 passed, 1 skipped, 1 xfailed in 0.39s

2. Deserialisation CLI (cargo test order/prepare): IGNORE — cargo introuvable — test ignore

3. Connexion compte reel (trade summary PEA/PUST): OK — PUST 100.7800 EUR — PEA: 9364.36 EUR especes, 0 part(s)

4. Depot amont (azerpas/bourso-api):
   A jour: patch base sur v0.5.4 (pin eec7703, v0.5.4) = dernier tag azerpas.

Email envoye a descamps.gregory@gmail.com: [MyQTM] bourso-cli — OK
[MyQTM] bourso-cli — OK
Verification quotidienne de bourso-cli
========================================

1. Build installe (tests dry-run): REUSSIS
   34 passed, 1 skipped, 1 xfailed in 0.32s

2. Deserialisation CLI (cargo test order/prepare): IGNORE — cargo introuvable — test ignore

3. Connexion compte reel (trade summary PEA/PUST): OK — PUST 100.7800 EUR — PEA: 9364.36 EUR especes, 0 part(s)

4. Depot amont (azerpas/bourso-api):
   A jour: patch base sur v0.5.4 (pin eec7703, v0.5.4) = dernier tag azerpas.

Email envoye a descamps.gregory@gmail.com: [MyQTM] bourso-cli — OK
[MyQTM] bourso-cli — OK
Verification quotidienne de bourso-cli
========================================

1. Build installe (tests dry-run): REUSSIS
   34 passed, 1 skipped, 1 xfailed in 0.43s

2. Deserialisation CLI (cargo test order/prepare): IGNORE — cargo introuvable — test ignore

3. Connexion compte reel (trade summary PEA/PUST): OK — PUST 100.7800 EUR — PEA: 9364.36 EUR especes, 0 part(s)

4. Depot amont (azerpas/bourso-api):
   A jour: patch base sur v0.5.4 (pin eec7703, v0.5.4) = dernier tag azerpas.

Email envoye a descamps.gregory@gmail.com: [MyQTM] bourso-cli — OK
[MyQTM] bourso-cli — OK
Verification quotidienne de bourso-cli
========================================

1. Build installe (tests dry-run): REUSSIS
   34 passed, 1 skipped, 1 xfailed in 0.39s

2. Deserialisation CLI (cargo test order/prepare): IGNORE — cargo introuvable — test ignore

3. Connexion compte reel (trade summary PEA/PUST): OK — PUST 99.9500 EUR — PEA: 9364.36 EUR especes, 0 part(s)

4. Depot amont (azerpas/bourso-api):
   A jour: patch base sur v0.5.4 (pin eec7703, v0.5.4) = dernier tag azerpas.

Email envoye a descamps.gregory@gmail.com: [MyQTM] bourso-cli — OK
[MyQTM] bourso-cli — OK
Verification quotidienne de bourso-cli
========================================

1. Build installe (tests dry-run): REUSSIS
   34 passed, 1 skipped, 1 xfailed in 0.34s

2. Deserialisation CLI (cargo test order/prepare): IGNORE — cargo introuvable — test ignore

3. Connexion compte reel (trade summary PEA/PUST): OK — PUST 100.3800 EUR — PEA: 9364.36 EUR especes, 0 part(s)

4. Depot amont (azerpas/bourso-api):
   A jour: patch base sur v0.5.4 (pin eec7703, v0.5.4) = dernier tag azerpas.

Email envoye a descamps.gregory@gmail.com: [MyQTM] bourso-cli — OK
[MyQTM] bourso-cli — OK
Verification quotidienne de bourso-cli
========================================

1. Build installe (tests dry-run): REUSSIS
   34 passed, 1 skipped, 1 xfailed in 0.31s

2. Deserialisation CLI (cargo test order/prepare): IGNORE — cargo introuvable — test ignore

3. Connexion compte reel (trade summary PEA/PUST): OK — PUST 100.4800 EUR — PEA: 9364.36 EUR especes, 0 part(s)

4. Depot amont (azerpas/bourso-api):
   A jour: patch base sur v0.5.4 (pin eec7703, v0.5.4) = dernier tag azerpas.

Email envoye a descamps.gregory@gmail.com: [MyQTM] bourso-cli — OK
[MyQTM] bourso-cli — OK
Verification quotidienne de bourso-cli
========================================

1. Build installe (tests dry-run): REUSSIS
   34 passed, 1 skipped, 1 xfailed in 0.31s

2. Deserialisation CLI (cargo test order/prepare): IGNORE — cargo introuvable — test ignore

3. Connexion compte reel (trade summary PEA/PUST): OK — PUST 101.7000 EUR — PEA: 9364.36 EUR especes, 0 part(s)

4. Depot amont (azerpas/bourso-api):
   A jour: patch base sur v0.5.4 (pin eec7703, v0.5.4) = dernier tag azerpas.

Email envoye a descamps.gregory@gmail.com: [MyQTM] bourso-cli — OK
[MyQTM] bourso-cli — OK
Verification quotidienne de bourso-cli
========================================

1. Build installe (tests dry-run): REUSSIS
   34 passed, 1 skipped, 1 xfailed in 0.38s

2. Deserialisation CLI (cargo test order/prepare): IGNORE — cargo introuvable — test ignore

3. Connexion compte reel (trade summary PEA/PUST): OK — PUST 102.7200 EUR — PEA: 9364.36 EUR especes, 0 part(s)

4. Depot amont (azerpas/bourso-api):
   A jour: patch base sur v0.5.4 (pin eec7703, v0.5.4) = dernier tag azerpas.

Email envoye a descamps.gregory@gmail.com: [MyQTM] bourso-cli — OK
[MyQTM] bourso-cli — OK
Verification quotidienne de bourso-cli
========================================

1. Build installe (tests dry-run): REUSSIS
   34 passed, 1 skipped, 1 xfailed in 0.44s

2. Deserialisation CLI (cargo test order/prepare): IGNORE — cargo introuvable — test ignore

3. Connexion compte reel (trade summary PEA/PUST): OK — PUST 102.7200 EUR — PEA: 9364.36 EUR especes, 0 part(s)

4. Depot amont (azerpas/bourso-api):
   A jour: patch base sur v0.5.4 (pin eec7703, v0.5.4) = dernier tag azerpas.

Email envoye a descamps.gregory@gmail.com: [MyQTM] bourso-cli — OK
[MyQTM] bourso-cli — OK
Verification quotidienne de bourso-cli
========================================

1. Build installe (tests dry-run): REUSSIS
   34 passed, 1 skipped, 1 xfailed in 0.49s

2. Deserialisation CLI (cargo test order/prepare): IGNORE — cargo introuvable — test ignore

3. Connexion compte reel (trade summary PEA/PUST): OK — PUST 102.7200 EUR — PEA: 9364.36 EUR especes, 0 part(s)

4. Depot amont (azerpas/bourso-api):
   A jour: patch base sur v0.5.4 (pin eec7703, v0.5.4) = dernier tag azerpas.

Email envoye a descamps.gregory@gmail.com: [MyQTM] bourso-cli — OK
[MyQTM] bourso-cli — OK
Verification quotidienne de bourso-cli
========================================

1. Build installe (tests dry-run): REUSSIS
   34 passed, 1 skipped, 1 xfailed in 0.34s

2. Deserialisation CLI (cargo test order/prepare): IGNORE — cargo introuvable — test ignore

3. Connexion compte reel (trade summary PEA/PUST): OK — PUST 101.3800 EUR — PEA: 9364.36 EUR especes, 0 part(s)

4. Depot amont (azerpas/bourso-api):
   A jour: patch base sur v0.5.4 (pin eec7703, v0.5.4) = dernier tag azerpas.

Email envoye a descamps.gregory@gmail.com: [MyQTM] bourso-cli — OK
[MyQTM] bourso-cli — OK
Verification quotidienne de bourso-cli
========================================

1. Build installe (tests dry-run): REUSSIS
   34 passed, 1 skipped, 1 xfailed in 0.36s

2. Deserialisation CLI (cargo test order/prepare): IGNORE — cargo introuvable — test ignore

3. Connexion compte reel (trade summary PEA/PUST): OK — PUST 101.0400 EUR — PEA: 9364.36 EUR especes, 0 part(s)

4. Depot amont (azerpas/bourso-api):
   A jour: patch base sur v0.5.4 (pin eec7703, v0.5.4) = dernier tag azerpas.

Email envoye a descamps.gregory@gmail.com: [MyQTM] bourso-cli — OK
[MyQTM] bourso-cli — check amont impossible
Verification quotidienne de bourso-cli
========================================

1. Build installe (tests dry-run): REUSSIS
   34 passed, 1 skipped, 1 xfailed in 0.33s

2. Deserialisation CLI (cargo test order/prepare): IGNORE — cargo introuvable — test ignore

3. Connexion compte reel (trade summary PEA/PUST): OK — PUST 100.8400 EUR — PEA: 9364.36 EUR especes, 0 part(s)

4. Depot amont (azerpas/bourso-api):
   Verification amont IMPOSSIBLE: git fetch --tags --quiet upstream: fatal: could not read Username for 'https://github.com': No such device or address
fatal: expected flush after ref listing

Email envoye a descamps.gregory@gmail.com: [MyQTM] bourso-cli — check amont impossible
[MyQTM] bourso-cli — OK
Verification quotidienne de bourso-cli
========================================

1. Build installe (tests dry-run): REUSSIS
   34 passed, 1 skipped, 1 xfailed in 1.37s

2. Deserialisation CLI (cargo test order/prepare): IGNORE — cargo introuvable — test ignore

3. Connexion compte reel (trade summary PEA/PUST): OK — PUST 101.7800 EUR — PEA: 9364.36 EUR especes, 0 part(s)

4. Depot amont (azerpas/bourso-api):
   A jour: patch base sur v0.5.4 (pin eec7703, v0.5.4) = dernier tag azerpas.

Email envoye a descamps.gregory@gmail.com: [MyQTM] bourso-cli — OK
[MyQTM] bourso-cli — CONNEXION COMPTE KO
Verification quotidienne de bourso-cli
========================================

1. Build installe (tests dry-run): REUSSIS
   34 passed, 1 skipped, 1 xfailed in 0.34s

2. Deserialisation CLI (cargo test order/prepare): IGNORE — cargo introuvable — test ignore

3. Connexion compte reel (trade summary PEA/PUST): ECHEC — Could not extract JSON from bourso-cli output:


 INFO bourso_cli: Welcome to BoursoBank CLI 👋
 INFO bourso_cli: ℹ️ - Version 0.5.4. Make sure you're running the latest version: https://github.com/azerpas/bourso-api
 INFO bourso_cli: We'll try to log you in with your customer id: 70967054
 INFO bourso_cli: If you want to change it, run `bourso config --username <customer_id>`
 INFO bourso_cli: We'll need your password to log you in. It will not be stored anywhere and will be asked everytime you run a command. The password will be hidden while typing.
Error: Invalid credentials


4. Depot amont (azerpas/bourso-api):
   A jour: patch base sur v0.5.4 (pin eec7703, v0.5.4) = dernier tag azerpas.

Email envoye a descamps.gregory@gmail.com: [MyQTM] bourso-cli — CONNEXION COMPTE KO
